#-----------------------------------------------------------
# Vivado v2024.1 (64-bit)
# SW Build 5076996 on Wed May 22 18:37:14 MDT 2024
# IP Build 5075265 on Wed May 22 21:45:21 MDT 2024
# SharedData Build 5076995 on Wed May 22 18:29:18 MDT 2024
# Start of session at: Sun Dec  1 20:01:00 2024
# Process ID: 7316
# Current directory: D:/Project/Rotating-Square/Rotating-Square.runs/impl_1
# Command line: vivado.exe -log binary_counter.vdi -applog -product Vivado -messageDb vivado.pb -mode batch -source binary_counter.tcl -notrace
# Log file: D:/Project/Rotating-Square/Rotating-Square.runs/impl_1/binary_counter.vdi
# Journal file: D:/Project/Rotating-Square/Rotating-Square.runs/impl_1\vivado.jou
# Running On        :DESKTOP-0I7K5HC
# Platform          :Windows Server 2016 or Windows 10
# Operating System  :26100
# Processor Detail  :Intel(R) Core(TM) i5-8600K CPU @ 3.60GHz
# CPU Frequency     :3600 MHz
# CPU Physical cores:6
# CPU Logical cores :6
# Host memory       :17111 MB
# Swap memory       :5368 MB
# Total Virtual     :22479 MB
# Available Virtual :9889 MB
#-----------------------------------------------------------
source binary_counter.tcl -notrace
